exports[`Foo Snapshot Renders 1`] = `
<div>
  Foo
</div>
`;
