exports[`Foo Renders 1`] = `
<div>
  Hello
</div>
`;
